Archive member included to satisfy reference by file (symbol)

c:/st/stm32cubeide_1.11.0/stm32cubeide/plugins/com.st.stm32cube.ide.mcu.externaltools.gnu-tools-for-stm32.10.3-2021.10.win32_1.0.100.202210260954/tools/bin/../lib/gcc/arm-none-eabi/10.3.1/../../../../arm-none-eabi/lib/thumb/v7e-m+fp/hard\libc_nano.a(lib_a-errno.o)
                              ./Src/syscalls.o (__errno)
c:/st/stm32cubeide_1.11.0/stm32cubeide/plugins/com.st.stm32cube.ide.mcu.externaltools.gnu-tools-for-stm32.10.3-2021.10.win32_1.0.100.202210260954/tools/bin/../lib/gcc/arm-none-eabi/10.3.1/../../../../arm-none-eabi/lib/thumb/v7e-m+fp/hard\libc_nano.a(lib_a-exit.o)
                              c:/st/stm32cubeide_1.11.0/stm32cubeide/plugins/com.st.stm32cube.ide.mcu.externaltools.gnu-tools-for-stm32.10.3-2021.10.win32_1.0.100.202210260954/tools/bin/../lib/gcc/arm-none-eabi/10.3.1/../../../../arm-none-eabi/lib/thumb/v7e-m+fp/hard/crt0.o (exit)
c:/st/stm32cubeide_1.11.0/stm32cubeide/plugins/com.st.stm32cube.ide.mcu.externaltools.gnu-tools-for-stm32.10.3-2021.10.win32_1.0.100.202210260954/tools/bin/../lib/gcc/arm-none-eabi/10.3.1/../../../../arm-none-eabi/lib/thumb/v7e-m+fp/hard\libc_nano.a(lib_a-impure.o)
                              c:/st/stm32cubeide_1.11.0/stm32cubeide/plugins/com.st.stm32cube.ide.mcu.externaltools.gnu-tools-for-stm32.10.3-2021.10.win32_1.0.100.202210260954/tools/bin/../lib/gcc/arm-none-eabi/10.3.1/../../../../arm-none-eabi/lib/thumb/v7e-m+fp/hard\libc_nano.a(lib_a-exit.o) (_global_impure_ptr)
c:/st/stm32cubeide_1.11.0/stm32cubeide/plugins/com.st.stm32cube.ide.mcu.externaltools.gnu-tools-for-stm32.10.3-2021.10.win32_1.0.100.202210260954/tools/bin/../lib/gcc/arm-none-eabi/10.3.1/../../../../arm-none-eabi/lib/thumb/v7e-m+fp/hard\libc_nano.a(lib_a-init.o)
                              c:/st/stm32cubeide_1.11.0/stm32cubeide/plugins/com.st.stm32cube.ide.mcu.externaltools.gnu-tools-for-stm32.10.3-2021.10.win32_1.0.100.202210260954/tools/bin/../lib/gcc/arm-none-eabi/10.3.1/../../../../arm-none-eabi/lib/thumb/v7e-m+fp/hard/crt0.o (__libc_init_array)
c:/st/stm32cubeide_1.11.0/stm32cubeide/plugins/com.st.stm32cube.ide.mcu.externaltools.gnu-tools-for-stm32.10.3-2021.10.win32_1.0.100.202210260954/tools/bin/../lib/gcc/arm-none-eabi/10.3.1/../../../../arm-none-eabi/lib/thumb/v7e-m+fp/hard\libc_nano.a(lib_a-memset.o)
                              c:/st/stm32cubeide_1.11.0/stm32cubeide/plugins/com.st.stm32cube.ide.mcu.externaltools.gnu-tools-for-stm32.10.3-2021.10.win32_1.0.100.202210260954/tools/bin/../lib/gcc/arm-none-eabi/10.3.1/../../../../arm-none-eabi/lib/thumb/v7e-m+fp/hard/crt0.o (memset)
c:/st/stm32cubeide_1.11.0/stm32cubeide/plugins/com.st.stm32cube.ide.mcu.externaltools.gnu-tools-for-stm32.10.3-2021.10.win32_1.0.100.202210260954/tools/bin/../lib/gcc/arm-none-eabi/10.3.1/thumb/v7e-m+fp/hard\libgcc.a(_arm_addsubdf3.o)
                              ./Src/TIMERS_program.o (__aeabi_dsub)
c:/st/stm32cubeide_1.11.0/stm32cubeide/plugins/com.st.stm32cube.ide.mcu.externaltools.gnu-tools-for-stm32.10.3-2021.10.win32_1.0.100.202210260954/tools/bin/../lib/gcc/arm-none-eabi/10.3.1/thumb/v7e-m+fp/hard\libgcc.a(_arm_muldivdf3.o)
                              ./Src/RCC_program.o (__aeabi_ddiv)
c:/st/stm32cubeide_1.11.0/stm32cubeide/plugins/com.st.stm32cube.ide.mcu.externaltools.gnu-tools-for-stm32.10.3-2021.10.win32_1.0.100.202210260954/tools/bin/../lib/gcc/arm-none-eabi/10.3.1/thumb/v7e-m+fp/hard\libgcc.a(_arm_cmpdf2.o)
                              ./Src/TIMERS_program.o (__aeabi_dcmpgt)
c:/st/stm32cubeide_1.11.0/stm32cubeide/plugins/com.st.stm32cube.ide.mcu.externaltools.gnu-tools-for-stm32.10.3-2021.10.win32_1.0.100.202210260954/tools/bin/../lib/gcc/arm-none-eabi/10.3.1/thumb/v7e-m+fp/hard\libgcc.a(_arm_truncdfsf2.o)
                              ./Src/RCC_program.o (__aeabi_d2f)
c:/st/stm32cubeide_1.11.0/stm32cubeide/plugins/com.st.stm32cube.ide.mcu.externaltools.gnu-tools-for-stm32.10.3-2021.10.win32_1.0.100.202210260954/tools/bin/../lib/gcc/arm-none-eabi/10.3.1/thumb/v7e-m+fp/hard\libgcc.a(_aeabi_uldivmod.o)
                              ./Src/USART_program.o (__aeabi_uldivmod)
c:/st/stm32cubeide_1.11.0/stm32cubeide/plugins/com.st.stm32cube.ide.mcu.externaltools.gnu-tools-for-stm32.10.3-2021.10.win32_1.0.100.202210260954/tools/bin/../lib/gcc/arm-none-eabi/10.3.1/thumb/v7e-m+fp/hard\libgcc.a(_udivmoddi4.o)
                              c:/st/stm32cubeide_1.11.0/stm32cubeide/plugins/com.st.stm32cube.ide.mcu.externaltools.gnu-tools-for-stm32.10.3-2021.10.win32_1.0.100.202210260954/tools/bin/../lib/gcc/arm-none-eabi/10.3.1/thumb/v7e-m+fp/hard\libgcc.a(_aeabi_uldivmod.o) (__udivmoddi4)
c:/st/stm32cubeide_1.11.0/stm32cubeide/plugins/com.st.stm32cube.ide.mcu.externaltools.gnu-tools-for-stm32.10.3-2021.10.win32_1.0.100.202210260954/tools/bin/../lib/gcc/arm-none-eabi/10.3.1/thumb/v7e-m+fp/hard\libgcc.a(_dvmd_tls.o)
[...]
Memory Configuration

Name             Origin             Length             Attributes
CCMRAM           0x0000000010000000 0x0000000000010000 xrw
RAM              0x0000000020000000 0x0000000000030000 xrw
FLASH            0x0000000008000000 0x0000000000200000 xr
*default*        0x0000000000000000 0xffffffffffffffff

Linker script and memory map

LOAD c:/st/stm32cubeide_1.11.0/stm32cubeide/plugins/com.st.stm32cube.ide.mcu.externaltools.gnu-tools-for-stm32.10.3-2021.10.win32_1.0.100.202210260954/tools/bin/../lib/gcc/arm-none-eabi/10.3.1/thumb/v7e-m+fp/hard/crti.o
LOAD c:/st/stm32cubeide_1.11.0/stm32cubeide/plugins/com.st.stm32cube.ide.mcu.externaltools.gnu-tools-for-stm32.10.3-2021.10.win32_1.0.100.202210260954/tools/bin/../lib/gcc/arm-none-eabi/10.3.1/thumb/v7e-m+fp/hard/crtbegin.o
LOAD c:/st/stm32cubeide_1.11.0/stm32cubeide/plugins/com.st.stm32cube.ide.mcu.externaltools.gnu-tools-for-stm32.10.3-2021.10.win32_1.0.100.202210260954/tools/bin/../lib/gcc/arm-none-eabi/10.3.1/../../../../arm-none-eabi/lib/thumb/v7e-m+fp/hard/crt0.o
LOAD ./Src/BOOTLOADER_program.o
LOAD ./Src/CRC_program.o
LOAD ./Src/EXTI_program.o
LOAD ./Src/FLASH_program.o
LOAD ./Src/GPIO_program.o
LOAD ./Src/GPTIMER_program.o
LOAD ./Src/NVIC_program.o
LOAD ./Src/PRELOADER_program.o
LOAD ./Src/RCC_program.o
LOAD ./Src/SCB_program.o
LOAD ./Src/STK_program.o
LOAD ./Src/SYSCFG_program.o
LOAD ./Src/TIMERS_program.o
LOAD ./Src/USART_program.o
LOAD ./Src/main.o
LOAD ./Src/syscalls.o
LOAD ./Src/sysmem.o
LOAD ./Startup/startup_stm32f429zitx.o
START GROUP
LOAD c:/st/stm32cubeide_1.11.0/stm32cubeide/plugins/com.st.stm32cube.ide.mcu.externaltools.gnu-tools-for-stm32.10.3-2021.10.win32_1.0.100.202210260954/tools/bin/../lib/gcc/arm-none-eabi/10.3.1/../../../../arm-none-eabi/lib/thumb/v7e-m+fp/hard\libc_nano.a
LOAD c:/st/stm32cubeide_1.11.0/stm32cubeide/plugins/com.st.stm32cube.ide.mcu.externaltools.gnu-tools-for-stm32.10.3-2021.10.win32_1.0.100.202210260954/tools/bin/../lib/gcc/arm-none-eabi/10.3.1/../../../../arm-none-eabi/lib/thumb/v7e-m+fp/hard\libm.a
END GROUP
START GROUP
LOAD c:/st/stm32cubeide_1.11.0/stm32cubeide/plugins/com.st.stm32cube.ide.mcu.externaltools.gnu-tools-for-stm32.10.3-2021.10.win32_1.0.100.202210260954/tools/bin/../lib/gcc/arm-none-eabi/10.3.1/thumb/v7e-m+fp/hard\libgcc.a
LOAD c:/st/stm32cubeide_1.11.0/stm32cubeide/plugins/com.st.stm32cube.ide.mcu.externaltools.gnu-tools-for-stm32.10.3-2021.10.win32_1.0.100.202210260954/tools/bin/../lib/gcc/arm-none-eabi/10.3.1/../../../../arm-none-eabi/lib/thumb/v7e-m+fp/hard\libc_nano.a
END GROUP
START GROUP
LOAD c:/st/stm32cubeide_1.11.0/stm32cubeide/plugins/com.st.stm32cube.ide.mcu.externaltools.gnu-tools-for-stm32.10.3-2021.10.win32_1.0.100.202210260954/tools/bin/../lib/gcc/arm-none-eabi/10.3.1/thumb/v7e-m+fp/hard\libgcc.a
LOAD c:/st/stm32cubeide_1.11.0/stm32cubeide/plugins/com.st.stm32cube.ide.mcu.externaltools.gnu-tools-for-stm32.10.3-2021.10.win32_1.0.100.202210260954/tools/bin/../lib/gcc/arm-none-eabi/10.3.1/../../../../arm-none-eabi/lib/thumb/v7e-m+fp/hard\libc_nano.a
LOAD c:/st/stm32cubeide_1.11.0/stm32cubeide/plugins/com.st.stm32cube.ide.mcu.externaltools.gnu-tools-for-stm32.10.3-2021.10.win32_1.0.100.202210260954/tools/bin/../lib/gcc/arm-none-eabi/10.3.1/../../../../arm-none-eabi/lib/thumb/v7e-m+fp/hard\libnosys.a
END GROUP
START GROUP
LOAD c:/st/stm32cubeide_1.11.0/stm32cubeide/plugins/com.st.stm32cube.ide.mcu.externaltools.gnu-tools-for-stm32.10.3-2021.10.win32_1.0.100.202210260954/tools/bin/../lib/gcc/arm-none-eabi/10.3.1/thumb/v7e-m+fp/hard\libgcc.a
LOAD c:/st/stm32cubeide_1.11.0/stm32cubeide/plugins/com.st.stm32cube.ide.mcu.externaltools.gnu-tools-for-stm32.10.3-2021.10.win32_1.0.100.202210260954/tools/bin/../lib/gcc/arm-none-eabi/10.3.1/../../../../arm-none-eabi/lib/thumb/v7e-m+fp/hard\libc_nano.a
LOAD c:/st/stm32cubeide_1.11.0/stm32cubeide/plugins/com.st.stm32cube.ide.mcu.externaltools.gnu-tools-for-stm32.10.3-2021.10.win32_1.0.100.202210260954/tools/bin/../lib/gcc/arm-none-eabi/10.3.1/../../../../arm-none-eabi/lib/thumb/v7e-m+fp/hard\libnosys.a
END GROUP
LOAD c:/st/stm32cubeide_1.11.0/stm32cubeide/plugins/com.st.stm32cube.ide.mcu.externaltools.gnu-tools-for-stm32.10.3-2021.10.win32_1.0.100.202210260954/tools/bin/../lib/gcc/arm-none-eabi/10.3.1/thumb/v7e-m+fp/hard/crtend.o
LOAD c:/st/stm32cubeide_1.11.0/stm32cubeide/plugins/com.st.stm32cube.ide.mcu.externaltools.gnu-tools-for-stm32.10.3-2021.10.win32_1.0.100.202210260954/tools/bin/../lib/gcc/arm-none-eabi/10.3.1/thumb/v7e-m+fp/hard/crtn.o
                0x0000000020030000                _estack = (ORIGIN (RAM) + LENGTH (RAM))
                0x0000000000000200                _Min_Heap_Size = 0x200
                0x0000000000000400                _Min_Stack_Size = 0x400

.isr_vector     0x0000000008000000      0x1ac
                0x0000000008000000                . = ALIGN (0x4)
 *(.isr_vector)
 .isr_vector    0x0000000008000000      0x1ac ./Startup/startup_stm32f429zitx.o
                0x0000000008000000                g_pfnVectors
                0x00000000080001ac                . = ALIGN (0x4)

.text           0x00000000080001ac     0x2444
                0x00000000080001ac                . = ALIGN (0x4)
 *(.text)
 .text          0x00000000080001ac       0x40 c:/st/stm32cubeide_1.11.0/stm32cubeide/plugins/com.st.stm32cube.ide.mcu.externaltools.gnu-tools-for-stm32.10.3-2021.10.win32_1.0.100.202210260954/tools/bin/../lib/gcc/arm-none-eabi/10.3.1/thumb/v7e-m+fp/hard/crtbegin.o
 .text          0x00000000080001ec       0x30 c:/st/stm32cubeide_1.11.0/stm32cubeide/plugins/com.st.stm32cube.ide.mcu.externaltools.gnu-tools-for-stm32.10.3-2021.10.win32_1.0.100.202210260954/tools/bin/../lib/gcc/arm-none-eabi/10.3.1/thumb/v7e-m+fp/hard\libgcc.a(_aeabi_uldivmod.o)
                0x00000000080001ec                __aeabi_uldivmod
 .text          0x000000000800021c      0x2d0 c:/st/stm32cubeide_1.11.0/stm32cubeide/plugins/com.st.stm32cube.ide.mcu.externaltools.gnu-tools-for-stm32.10.3-2021.10.win32_1.0.100.202210260954/tools/bin/../lib/gcc/arm-none-eabi/10.3.1/thumb/v7e-m+fp/hard\libgcc.a(_udivmoddi4.o)
                0x000000000800021c                __udivmoddi4
 .text          0x00000000080004ec        0x4 c:/st/stm32cubeide_1.11.0/stm32cubeide/plugins/com.st.stm32cube.ide.mcu.externaltools.gnu-tools-for-stm32.10.3-2021.10.win32_1.0.100.202210260954/tools/bin/../lib/gcc/arm-none-eabi/10.3.1/thumb/v7e-m+fp/hard\libgcc.a(_dvmd_tls.o)
                0x00000000080004ec                __aeabi_idiv0
                0x00000000080004ec                __aeabi_ldiv0
 *(.text*)
 .text.BOOTLOADER_voidHandleGetVerCmd
                0x00000000080004f0       0x5c ./Src/BOOTLOADER_program.o
                0x00000000080004f0                BOOTLOADER_voidHandleGetVerCmd
 .text.BOOTLOADER_voidHandleGetHelpCmd
                0x000000000800054c       0x68 ./Src/BOOTLOADER_program.o
                0x000000000800054c                BOOTLOADER_voidHandleGetHelpCmd
 .text.BOOTLOADER_voidHandleGetCIDCmd
                0x00000000080005b4       0x6c ./Src/BOOTLOADER_program.o
                0x00000000080005b4                BOOTLOADER_voidHandleGetCIDCmd
 .text.BOOTLOADER_voidHandleGetRDPStatusCmd
                0x0000000008000620       0x68 ./Src/BOOTLOADER_program.o
                0x0000000008000620                BOOTLOADER_voidHandleGetRDPStatusCmd
 .text.BOOTLOADER_voidHandleGotoAddressCmd
                0x0000000008000688       0x80 ./Src/BOOTLOADER_program.o
                0x0000000008000688                BOOTLOADER_voidHandleGotoAddressCmd
 .text.BOOTLOADER_voidHandleFlashEraseCmd
                0x0000000008000708       0x70 ./Src/BOOTLOADER_program.o
                0x0000000008000708                BOOTLOADER_voidHandleFlashEraseCmd
 .text.BOOTLOADER_voidHandleMemWriteCmd
                0x0000000008000778       0x8e ./Src/BOOTLOADER_program.o
                0x0000000008000778                BOOTLOADER_voidHandleMemWriteCmd
 .text.BOOTLOADER_voidHandleEnableRWProtectCmd
                0x0000000008000806       0x74 ./Src/BOOTLOADER_program.o
                0x0000000008000806                BOOTLOADER_voidHandleEnableRWProtectCmd
 .text.BOOTLOADER_voidHandleDisableRWProtectCmd
                0x000000000800087a       0x6e ./Src/BOOTLOADER_program.o
                0x000000000800087a                BOOTLOADER_voidHandleDisableRWProtectCmd
 .text.BOOTLOADER_voidHandleReadSectorStatusCmd
                0x00000000080008e8       0x64 ./Src/BOOTLOADER_program.o
                0x00000000080008e8                BOOTLOADER_voidHandleReadSectorStatusCmd
 .text.BL_voidHandleMemReadCmd
                0x000000000800094c       0x4a ./Src/BOOTLOADER_program.o
                0x000000000800094c                BL_voidHandleMemReadCmd
 .text.BL_voidHandleOTPReadCmd
                0x0000000008000996       0x4a ./Src/BOOTLOADER_program.o
                0x0000000008000996                BL_voidHandleOTPReadCmd
 .text.voidSendNAck
                0x00000000080009e0       0x1e ./Src/BOOTLOADER_program.o
 .text.voidSendAck
                0x00000000080009fe       0x28 ./Src/BOOTLOADER_program.o
 .text.u8VerifyCRC
                0x0000000008000a26       0x5a ./Src/BOOTLOADER_program.o
 .text.u8ValidateAddress
                0x0000000008000a80       0x50 ./Src/BOOTLOADER_program.o
 .text.u8ExecuteMemoryWrite
                0x0000000008000ad0       0x9c ./Src/BOOTLOADER_program.o
 .text.u8ExecuteFlashErase
                0x0000000008000b6c       0xae ./Src/BOOTLOADER_program.o
 *fill*         0x0000000008000c1a        0x2 
 .text.MCRC_u32Accumulate
                0x0000000008000c1c       0x48 ./Src/CRC_program.o
                0x0000000008000c1c                MCRC_u32Accumulate
 .text.MCRC_voidDRreset
                0x0000000008000c64       0x20 ./Src/CRC_program.o
                0x0000000008000c64                MCRC_voidDRreset
 .text.EXTI0_IRQHandler
                0x0000000008000c84       0x2c ./Src/EXTI_program.o
                0x0000000008000c84                EXTI0_IRQHandler
 .text.EXTI1_IRQHandler
                0x0000000008000cb0       0x2c ./Src/EXTI_program.o
                0x0000000008000cb0                EXTI1_IRQHandler
 .text.EXTI2_IRQHandler
                0x0000000008000cdc       0x2c ./Src/EXTI_program.o
                0x0000000008000cdc                EXTI2_IRQHandler
 .text.EXTI3_IRQHandler
                0x0000000008000d08       0x2c ./Src/EXTI_program.o
                0x0000000008000d08                EXTI3_IRQHandler
 .text.EXTI4_IRQHandler
                0x0000000008000d34       0x2c ./Src/EXTI_program.o
                0x0000000008000d34                EXTI4_IRQHandler
 .text.EXTI9_5_IRQHandler
                0x0000000008000d60       0xd8 ./Src/EXTI_program.o
                0x0000000008000d60                EXTI9_5_IRQHandler
 .text.EXTI15_10_IRQHandler
                0x0000000008000e38      0x100 ./Src/EXTI_program.o
                0x0000000008000e38                EXTI15_10_IRQHandler
 .text.MFLASH_voidUnlock
                0x0000000008000f38       0x30 ./Src/FLASH_program.o
                0x0000000008000f38                MFLASH_voidUnlock
 .text.MFLASH_voidLock
                0x0000000008000f68       0x20 ./Src/FLASH_program.o
                0x0000000008000f68                MFLASH_voidLock
 .text.MFLASH_u8Erase
                0x0000000008000f88       0x8c ./Src/FLASH_program.o
                0x0000000008000f88                MFLASH_u8Erase
 .text.MFLASH_u8WriteProgram
                0x0000000008001014       0x74 ./Src/FLASH_program.o
                0x0000000008001014                MFLASH_u8WriteProgram
 .text.MFLASH_u8MaskAllSectorsWriteProtection
                0x0000000008001088       0x80 ./Src/FLASH_program.o
                0x0000000008001088                MFLASH_u8MaskAllSectorsWriteProtection
 .text.MFLASH_u8RemoveAllSectorsWriteProtection
                0x0000000008001108       0x70 ./Src/FLASH_program.o
                0x0000000008001108                MFLASH_u8RemoveAllSectorsWriteProtection
 .text.MFLASH_u8ReadSectorsWriteProtection
                0x0000000008001178       0x48 ./Src/FLASH_program.o
                0x0000000008001178                MFLASH_u8ReadSectorsWriteProtection
 .text.MFLASH_voidOptionBytesUnlock
                0x00000000080011c0       0x28 ./Src/FLASH_program.o
                0x00000000080011c0                MFLASH_voidOptionBytesUnlock
 .text.MFLASH_voidOptionBytesLock
                0x00000000080011e8       0x20 ./Src/FLASH_program.o
                0x00000000080011e8                MFLASH_voidOptionBytesLock
 .text.voidProgramDoubleWord
                0x0000000008001208       0x60 ./Src/FLASH_program.o
 .text.voidProgramWord
                0x0000000008001268       0x44 ./Src/FLASH_program.o
 .text.voidProgramHalfWord
                0x00000000080012ac       0x48 ./Src/FLASH_program.o
 .text.voidProgramByte
                0x00000000080012f4       0x44 ./Src/FLASH_program.o
 .text.voidMassErase
                0x0000000008001338       0x48 ./Src/FLASH_program.o
 .text.voidEraseSector
                0x0000000008001380       0x90 ./Src/FLASH_program.o
 .text.MGPIO_u8PinInit
                0x0000000008001410      0x280 ./Src/GPIO_program.o
                0x0000000008001410                MGPIO_u8PinInit
 .text.MGPIO_u8GetPinValue
                0x0000000008001690       0x5c ./Src/GPIO_program.o
                0x0000000008001690                MGPIO_u8GetPinValue
 .text.MGPTIMER_u8ClearInterruptFlags
                0x00000000080016ec       0x44 ./Src/GPTIMER_program.o
 .text.TIM2_IRQHandler
                0x0000000008001730       0x20 ./Src/GPTIMER_program.o
                0x0000000008001730                TIM2_IRQHandler
 .text.TIM3_IRQHandler
                0x0000000008001750       0x20 ./Src/GPTIMER_program.o
                0x0000000008001750                TIM3_IRQHandler
 .text.TIM4_IRQHandler
                0x0000000008001770       0x20 ./Src/GPTIMER_program.o
                0x0000000008001770                TIM4_IRQHandler
 .text.TIM5_IRQHandler
                0x0000000008001790       0x20 ./Src/GPTIMER_program.o
                0x0000000008001790                TIM5_IRQHandler
 .text.SPRELOADER_voidSwitch
                0x00000000080017b0       0x3c ./Src/PRELOADER_program.o
                0x00000000080017b0                SPRELOADER_voidSwitch
 .text.voidGOToBootloader
                0x00000000080017ec      0x110 ./Src/PRELOADER_program.o
 .text.voidJumpToUserApp_1
                0x00000000080018fc       0x30 ./Src/PRELOADER_program.o
 .text.voidJumpToUserApp_2
                0x000000000800192c       0x30 ./Src/PRELOADER_program.o
 .text.MRCC_u8SetClockState
                0x000000000800195c      0x1d4 ./Src/RCC_program.o
                0x000000000800195c                MRCC_u8SetClockState
 .text.MRCC_u8SetSystemClock
                0x0000000008001b30       0x44 ./Src/RCC_program.o
                0x0000000008001b30                MRCC_u8SetSystemClock
 .text.MRCC_u8AHB1PeripheralsClockState
                0x0000000008001b74       0x64 ./Src/RCC_program.o
                0x0000000008001b74                MRCC_u8AHB1PeripheralsClockState
 .text.MRCC_u8APB2PeripheralsClockState
                0x0000000008001bd8       0x64 ./Src/RCC_program.o
                0x0000000008001bd8                MRCC_u8APB2PeripheralsClockState
 .text.MSTK_u8ClockConfig
                0x0000000008001c3c       0x48 ./Src/STK_program.o
                0x0000000008001c3c                MSTK_u8ClockConfig
 .text.MSTK_voidStopTimer
                0x0000000008001c84       0x2c ./Src/STK_program.o
                0x0000000008001c84                MSTK_voidStopTimer
 .text.SysTick_Handler
                0x0000000008001cb0       0x44 ./Src/STK_program.o
                0x0000000008001cb0                SysTick_Handler
 .text.MUSART_u8SetConfiguration
                0x0000000008001cf4      0x484 ./Src/USART_program.o
                0x0000000008001cf4                MUSART_u8SetConfiguration
 .text.MUSART_u8UsartStatus
                0x0000000008002178       0x5c ./Src/USART_program.o
                0x0000000008002178                MUSART_u8UsartStatus
 .text.MUSART_u8ReceiveCharSynch
                0x00000000080021d4       0x84 ./Src/USART_program.o
                0x00000000080021d4                MUSART_u8ReceiveCharSynch
 .text.MUSART_u8ReceiveArraySynch
                0x0000000008002258       0x4e ./Src/USART_program.o
                0x0000000008002258                MUSART_u8ReceiveArraySynch
 *fill*         0x00000000080022a6        0x2 
 .text.MUSART_u8TransmitCharSynch
                0x00000000080022a8       0x78 ./Src/USART_program.o
                0x00000000080022a8                MUSART_u8TransmitCharSynch
 .text.MUSART_u8TransmitArraySynch
                0x0000000008002320       0x50 ./Src/USART_program.o
                0x0000000008002320                MUSART_u8TransmitArraySynch
 .text.MUSART_voidClearFlags
                0x0000000008002370       0x28 ./Src/USART_program.o
                0x0000000008002370                MUSART_voidClearFlags
 .text.USART1_IRQHandler
                0x0000000008002398       0x30 ./Src/USART_program.o
                0x0000000008002398                USART1_IRQHandler
 .text.USART2_IRQHandler
                0x00000000080023c8       0x30 ./Src/USART_program.o
                0x00000000080023c8                USART2_IRQHandler
 .text.USART3_IRQHandler
                0x00000000080023f8       0x30 ./Src/USART_program.o
                0x00000000080023f8                USART3_IRQHandler
 .text.main     0x0000000008002428      0x104 ./Src/main.o
                0x0000000008002428                main
 .text.Reset_Handler
                0x000000000800252c       0x50 ./Startup/startup_stm32f429zitx.o
                0x000000000800252c                Reset_Handler
 .text.Default_Handler
                0x000000000800257c        0x2 ./Startup/startup_stm32f429zitx.o
                0x000000000800257c                RTC_Alarm_IRQHandler
                0x000000000800257c                HASH_RNG_IRQHandler
                0x000000000800257c                TIM8_CC_IRQHandler
                0x000000000800257c                DebugMon_Handler
                0x000000000800257c                UART8_IRQHandler
                0x000000000800257c                SPI4_IRQHandler
                0x000000000800257c                TIM1_CC_IRQHandler
                0x000000000800257c                DMA2_Stream5_IRQHandler
                0x000000000800257c                HardFault_Handler
                0x000000000800257c                DMA1_Stream5_IRQHandler
                0x000000000800257c                PVD_IRQHandler
                0x000000000800257c                SDIO_IRQHandler
                0x000000000800257c                TAMP_STAMP_IRQHandler
                0x000000000800257c                PendSV_Handler
                0x000000000800257c                NMI_Handler
                0x000000000800257c                CAN2_RX1_IRQHandler
                0x000000000800257c                TIM8_TRG_COM_TIM14_IRQHandler
                0x000000000800257c                TIM1_UP_TIM10_IRQHandler
                0x000000000800257c                TIM8_UP_TIM13_IRQHandler
                0x000000000800257c                I2C3_ER_IRQHandler
                0x000000000800257c                LCD_TFT_IRQHandler
                0x000000000800257c                I2C2_EV_IRQHandler
                0x000000000800257c                DMA1_Stream2_IRQHandler
                0x000000000800257c                CAN1_RX0_IRQHandler
                0x000000000800257c                FPU_IRQHandler
                0x000000000800257c                OTG_HS_WKUP_IRQHandler
                0x000000000800257c                UsageFault_Handler
                0x000000000800257c                CAN2_SCE_IRQHandler
                0x000000000800257c                DMA2_Stream2_IRQHandler
                0x000000000800257c                SPI1_IRQHandler
                0x000000000800257c                TIM6_DAC_IRQHandler
                0x000000000800257c                TIM1_BRK_TIM9_IRQHandler
                0x000000000800257c                DCMI_IRQHandler
                0x000000000800257c                CAN2_RX0_IRQHandler
                0x000000000800257c                DMA2_Stream3_IRQHandler
                0x000000000800257c                USART6_IRQHandler
                0x000000000800257c                CRYP_IRQHandler
                0x000000000800257c                CAN1_RX1_IRQHandler
                0x000000000800257c                UART5_IRQHandler
                0x000000000800257c                DMA2_Stream0_IRQHandler
                0x000000000800257c                I2C1_EV_IRQHandler
                0x000000000800257c                DMA1_Stream6_IRQHandler
                0x000000000800257c                DMA1_Stream1_IRQHandler
                0x000000000800257c                UART4_IRQHandler
                0x000000000800257c                LCD_TFT_1_IRQHandler
                0x000000000800257c                RCC_IRQHandler
                0x000000000800257c                TIM8_BRK_TIM12_IRQHandler
                0x000000000800257c                Default_Handler
                0x000000000800257c                ADC_IRQHandler
                0x000000000800257c                DMA1_Stream7_IRQHandler
                0x000000000800257c                SPI5_IRQHandler
                0x000000000800257c                TIM7_IRQHandler
                0x000000000800257c                CAN2_TX_IRQHandler
                0x000000000800257c                DMA2_Stream7_IRQHandler
                0x000000000800257c                I2C3_EV_IRQHandler
                0x000000000800257c                RTC_WKUP_IRQHandler
                0x000000000800257c                ETH_WKUP_IRQHandler
                0x000000000800257c                SPI2_IRQHandler
                0x000000000800257c                OTG_HS_EP1_IN_IRQHandler
                0x000000000800257c                MemManage_Handler
                0x000000000800257c                DMA1_Stream0_IRQHandler
                0x000000000800257c                CAN1_TX_IRQHandler
                0x000000000800257c                SVC_Handler
                0x000000000800257c                ETH_IRQHandler
                0x000000000800257c                OTG_HS_EP1_OUT_IRQHandler
                0x000000000800257c                WWDG_IRQHandler
                0x000000000800257c                SPI6_IRQHandler
                0x000000000800257c                OTG_FS_WKUP_IRQHandler
                0x000000000800257c                TIM1_TRG_COM_TIM11_IRQHandler
                0x000000000800257c                OTG_HS_IRQHandler
                0x000000000800257c                DMA2D_IRQHandler
                0x000000000800257c                UART7_IRQHandler
                0x000000000800257c                I2C2_ER_IRQHandler
                0x000000000800257c                DMA2_Stream1_IRQHandler
                0x000000000800257c                CAN1_SCE_IRQHandler
                0x000000000800257c                FLASH_IRQHandler
                0x000000000800257c                DMA2_Stream4_IRQHandler
                0x000000000800257c                BusFault_Handler
                0x000000000800257c                OTG_FS_IRQHandler
                0x000000000800257c                SPI3_IRQHandler
                0x000000000800257c                DMA1_Stream4_IRQHandler
                0x000000000800257c                I2C1_ER_IRQHandler
                0x000000000800257c                FMC_IRQHandler
                0x000000000800257c                DMA2_Stream6_IRQHandler
                0x000000000800257c                SAI1_IRQHandler
                0x000000000800257c                DMA1_Stream3_IRQHandler
 *fill*         0x000000000800257e        0x2 
 .text.__libc_init_array
                0x0000000008002580       0x48 c:/st/stm32cubeide_1.11.0/stm32cubeide/plugins/com.st.stm32cube.ide.mcu.externaltools.gnu-tools-for-stm32.10.3-2021.10.win32_1.0.100.202210260954/tools/bin/../lib/gcc/arm-none-eabi/10.3.1/../../../../arm-none-eabi/lib/thumb/v7e-m+fp/hard\libc_nano.a(lib_a-init.o)
                0x0000000008002580                __libc_init_array
 .text.memset   0x00000000080025c8       0x10 c:/st/stm32cubeide_1.11.0/stm32cubeide/plugins/com.st.stm32cube.ide.mcu.externaltools.gnu-tools-for-stm32.10.3-2021.10.win32_1.0.100.202210260954/tools/bin/../lib/gcc/arm-none-eabi/10.3.1/../../../../arm-none-eabi/lib/thumb/v7e-m+fp/hard\libc_nano.a(lib_a-memset.o)
                0x00000000080025c8                memset
 *(.glue_7)
 .glue_7        0x00000000080025d8        0x0 linker stubs
 *(.glue_7t)
 .glue_7t       0x00000000080025d8        0x0 linker stubs
 *(.eh_frame)
 .eh_frame      0x00000000080025d8        0x0 c:/st/stm32cubeide_1.11.0/stm32cubeide/plugins/com.st.stm32cube.ide.mcu.externaltools.gnu-tools-for-stm32.10.3-2021.10.win32_1.0.100.202210260954/tools/bin/../lib/gcc/arm-none-eabi/10.3.1/thumb/v7e-m+fp/hard/crtbegin.o
 *(.init)
 .init          0x00000000080025d8        0x4 c:/st/stm32cubeide_1.11.0/stm32cubeide/plugins/com.st.stm32cube.ide.mcu.externaltools.gnu-tools-for-stm32.10.3-2021.10.win32_1.0.100.202210260954/tools/bin/../lib/gcc/arm-none-eabi/10.3.1/thumb/v7e-m+fp/hard/crti.o
                0x00000000080025d8                _init
 .init          0x00000000080025dc        0x8 c:/st/stm32cubeide_1.11.0/stm32cubeide/plugins/com.st.stm32cube.ide.mcu.externaltools.gnu-tools-for-stm32.10.3-2021.10.win32_1.0.100.202210260954/tools/bin/../lib/gcc/arm-none-eabi/10.3.1/thumb/v7e-m+fp/hard/crtn.o
 *(.fini)
 .fini          0x00000000080025e4        0x4 c:/st/stm32cubeide_1.11.0/stm32cubeide/plugins/com.st.stm32cube.ide.mcu.externaltools.gnu-tools-for-stm32.10.3-2021.10.win32_1.0.100.202210260954/tools/bin/../lib/gcc/arm-none-eabi/10.3.1/thumb/v7e-m+fp/hard/crti.o
                0x00000000080025e4                _fini
 .fini          0x00000000080025e8        0x8 c:/st/stm32cubeide_1.11.0/stm32cubeide/plugins/com.st.stm32cube.ide.mcu.externaltools.gnu-tools-for-stm32.10.3-2021.10.win32_1.0.100.202210260954/tools/bin/../lib/gcc/arm-none-eabi/10.3.1/thumb/v7e-m+fp/hard/crtn.o
                0x00000000080025f0                . = ALIGN (0x4)
                0x00000000080025f0                _etext = .

.vfp11_veneer   0x00000000080025f0        0x0
 .vfp11_veneer  0x00000000080025f0        0x0 linker stubs

.v4_bx          0x00000000080025f0        0x0
 .v4_bx         0x00000000080025f0        0x0 linker stubs

.iplt           0x00000000080025f0        0x0
 .iplt          0x00000000080025f0        0x0 c:/st/stm32cubeide_1.11.0/stm32cubeide/plugins/com.st.stm32cube.ide.mcu.externaltools.gnu-tools-for-stm32.10.3-2021.10.win32_1.0.100.202210260954/tools/bin/../lib/gcc/arm-none-eabi/10.3.1/thumb/v7e-m+fp/hard/crtbegin.o

.rodata         0x00000000080025f0       0x3c
                0x00000000080025f0                . = ALIGN (0x4)
 *(.rodata)
 .rodata        0x00000000080025f0        0xc ./Src/BOOTLOADER_program.o
 .rodata        0x00000000080025fc       0x2e ./Src/main.o
 *(.rodata*)
                0x000000000800262c                . = ALIGN (0x4)
 *fill*         0x000000000800262a        0x2 

.ARM.extab      0x000000000800262c        0x0
                0x000000000800262c                . = ALIGN (0x4)
 *(.ARM.extab* .gnu.linkonce.armextab.*)
                0x000000000800262c                . = ALIGN (0x4)

.ARM            0x000000000800262c        0x8
                0x000000000800262c                . = ALIGN (0x4)
                0x000000000800262c                __exidx_start = .
 *(.ARM.exidx*)
 .ARM.exidx     0x000000000800262c        0x8 c:/st/stm32cubeide_1.11.0/stm32cubeide/plugins/com.st.stm32cube.ide.mcu.externaltools.gnu-tools-for-stm32.10.3-2021.10.win32_1.0.100.202210260954/tools/bin/../lib/gcc/arm-none-eabi/10.3.1/thumb/v7e-m+fp/hard\libgcc.a(_udivmoddi4.o)
                0x0000000008002634                __exidx_end = .
                0x0000000008002634                . = ALIGN (0x4)

.rel.dyn        0x0000000008002634        0x0
 .rel.iplt      0x0000000008002634        0x0 c:/st/stm32cubeide_1.11.0/stm32cubeide/plugins/com.st.stm32cube.ide.mcu.externaltools.gnu-tools-for-stm32.10.3-2021.10.win32_1.0.100.202210260954/tools/bin/../lib/gcc/arm-none-eabi/10.3.1/thumb/v7e-m+fp/hard/crtbegin.o

.preinit_array  0x0000000008002634        0x0
                0x0000000008002634                . = ALIGN (0x4)
                0x0000000008002634                PROVIDE (__preinit_array_start = .)
 *(.preinit_array*)
                0x0000000008002634                PROVIDE (__preinit_array_end = .)
                0x0000000008002634                . = ALIGN (0x4)

.init_array     0x0000000008002634        0x4
                0x0000000008002634                . = ALIGN (0x4)
                0x0000000008002634                PROVIDE (__init_array_start = .)
 *(SORT_BY_NAME(.init_array.*))
 *(.init_array*)
 .init_array    0x0000000008002634        0x4 c:/st/stm32cubeide_1.11.0/stm32cubeide/plugins/com.st.stm32cube.ide.mcu.externaltools.gnu-tools-for-stm32.10.3-2021.10.win32_1.0.100.202210260954/tools/bin/../lib/gcc/arm-none-eabi/10.3.1/thumb/v7e-m+fp/hard/crtbegin.o
                0x0000000008002638                PROVIDE (__init_array_end = .)
                0x0000000008002638                . = ALIGN (0x4)

.fini_array     0x0000000008002638        0x4
                0x0000000008002638                . = ALIGN (0x4)
                [!provide]                        PROVIDE (__fini_array_start = .)
 *(SORT_BY_NAME(.fini_array.*))
 *(.fini_array*)
 .fini_array    0x0000000008002638        0x4 c:/st/stm32cubeide_1.11.0/stm32cubeide/plugins/com.st.stm32cube.ide.mcu.externaltools.gnu-tools-for-stm32.10.3-2021.10.win32_1.0.100.202210260954/tools/bin/../lib/gcc/arm-none-eabi/10.3.1/thumb/v7e-m+fp/hard/crtbegin.o
                [!provide]                        PROVIDE (__fini_array_end = .)
                0x000000000800263c                . = ALIGN (0x4)
                0x000000000800263c                _sidata = LOADADDR (.data)

.data           0x0000000020000000       0x4c load address 0x000000000800263c
                0x0000000020000000                . = ALIGN (0x4)
                0x0000000020000000                _sdata = .
 *(.data)
 *(.data*)
 .data.GPIO_Ports
                0x0000000020000000       0x20 ./Src/GPIO_program.o
 .data.GPTIMER_Index
                0x0000000020000020       0x10 ./Src/GPTIMER_program.o
 .data.Local_u8AppIndexFlag
                0x0000000020000030        0x1 ./Src/PRELOADER_program.o
 .data.STK_u8IntervalType
                0x0000000020000031        0x1 ./Src/STK_program.o
 *fill*         0x0000000020000032        0x2 
 .data.USART_Index
                0x0000000020000034       0x18 ./Src/USART_program.o
 *(.RamFunc)
 *(.RamFunc*)
                0x000000002000004c                . = ALIGN (0x4)
                0x000000002000004c                _edata = .
                0x0000000008002688                _siccmram = LOADADDR (.ccmram)

.igot.plt       0x000000002000004c        0x0 load address 0x0000000008002688
 .igot.plt      0x000000002000004c        0x0 c:/st/stm32cubeide_1.11.0/stm32cubeide/plugins/com.st.stm32cube.ide.mcu.externaltools.gnu-tools-for-stm32.10.3-2021.10.win32_1.0.100.202210260954/tools/bin/../lib/gcc/arm-none-eabi/10.3.1/thumb/v7e-m+fp/hard/crtbegin.o

.ccmram         0x0000000010000000        0x0 load address 0x0000000008002688
                0x0000000010000000                . = ALIGN (0x4)
                0x0000000010000000                _sccmram = .
 *(.ccmram)
 *(.ccmram*)
                0x0000000010000000                . = ALIGN (0x4)
                0x0000000010000000                _eccmram = .
                0x0000000010000000                . = ALIGN (0x4)

.bss            0x000000002000004c       0x88
                0x000000002000004c                _sbss = .
                0x000000002000004c                __bss_start__ = _sbss
 *(.bss)
 .bss           0x000000002000004c       0x1c c:/st/stm32cubeide_1.11.0/stm32cubeide/plugins/com.st.stm32cube.ide.mcu.externaltools.gnu-tools-for-stm32.10.3-2021.10.win32_1.0.100.202210260954/tools/bin/../lib/gcc/arm-none-eabi/10.3.1/thumb/v7e-m+fp/hard/crtbegin.o
 *(.bss*)
 .bss.EXTI_ApfCallBack
                0x0000000020000068       0x40 ./Src/EXTI_program.o
 .bss.GPTIMER_ApfCallBack
                0x00000000200000a8       0x10 ./Src/GPTIMER_program.o
 .bss.SysTick_CallBack
                0x00000000200000b8        0x4 ./Src/STK_program.o
 .bss.USART_ApfCallBack
                0x00000000200000bc       0x18 ./Src/USART_program.o
 *(COMMON)
                0x00000000200000d4                . = ALIGN (0x4)
                0x00000000200000d4                _ebss = .
                0x00000000200000d4                __bss_end__ = _ebss

._user_heap_stack
                0x00000000200000d4      0x604
                0x00000000200000d8                . = ALIGN (0x8)
 *fill*         0x00000000200000d4        0x4 
                [!provide]                        PROVIDE (end = .)
                0x00000000200000d8                PROVIDE (_end = .)
                0x00000000200002d8                . = (. + _Min_Heap_Size)
 *fill*         0x00000000200000d8      0x200 
                0x00000000200006d8                . = (. + _Min_Stack_Size)
 *fill*         0x00000000200002d8      0x400 
                0x00000000200006d8                . = ALIGN (0x8)

/DISCARD/
 libc.a(*)
 libm.a(*)
 libgcc.a(*)

.ARM.attributes
                0x0000000000000000       0x30
 *(.ARM.attributes)
 .ARM.attributes
                0x0000000000000000       0x1e c:/st/stm32cubeide_1.11.0/stm32cubeide/plugins/com.st.stm32cube.ide.mcu.externaltools.gnu-tools-for-stm32.10.3-2021.10.win32_1.0.100.202210260954/tools/bin/../lib/gcc/arm-none-eabi/10.3.1/thumb/v7e-m+fp/hard/crti.o
 .ARM.attributes
                0x000000000000001e       0x34 c:/st/stm32cubeide_1.11.0/stm32cubeide/plugins/com.st.stm32cube.ide.mcu.externaltools.gnu-tools-for-stm32.10.3-2021.10.win32_1.0.100.202210260954/tools/bin/../lib/gcc/arm-none-eabi/10.3.1/thumb/v7e-m+fp/hard/crtbegin.o
 .ARM.attributes
                0x0000000000000052       0x34 ./Src/BOOTLOADER_program.o
 .ARM.attributes
                0x0000000000000086       0x34 ./Src/CRC_program.o
 .ARM.attributes
                0x00000000000000ba       0x34 ./Src/EXTI_program.o
 .ARM.attributes
                0x00000000000000ee       0x34 ./Src/FLASH_program.o
 .ARM.attributes
                0x0000000000000122       0x34 ./Src/GPIO_program.o
 .ARM.attributes
                0x0000000000000156       0x34 ./Src/GPTIMER_program.o
 .ARM.attributes
                0x000000000000018a       0x34 ./Src/PRELOADER_program.o
 .ARM.attributes
                0x00000000000001be       0x34 ./Src/RCC_program.o
 .ARM.attributes
                0x00000000000001f2       0x34 ./Src/STK_program.o
 .ARM.attributes
                0x0000000000000226       0x34 ./Src/USART_program.o
 .ARM.attributes
                0x000000000000025a       0x34 ./Src/main.o
 .ARM.attributes
                0x000000000000028e       0x21 ./Startup/startup_stm32f429zitx.o
 .ARM.attributes
                0x00000000000002af       0x34 c:/st/stm32cubeide_1.11.0/stm32cubeide/plugins/com.st.stm32cube.ide.mcu.externaltools.gnu-tools-for-stm32.10.3-2021.10.win32_1.0.100.202210260954/tools/bin/../lib/gcc/arm-none-eabi/10.3.1/../../../../arm-none-eabi/lib/thumb/v7e-m+fp/hard\libc_nano.a(lib_a-init.o)
 .ARM.attributes
                0x00000000000002e3       0x34 c:/st/stm32cubeide_1.11.0/stm32cubeide/plugins/com.st.stm32cube.ide.mcu.externaltools.gnu-tools-for-stm32.10.3-2021.10.win32_1.0.100.202210260954/tools/bin/../lib/gcc/arm-none-eabi/10.3.1/../../../../arm-none-eabi/lib/thumb/v7e-m+fp/hard\libc_nano.a(lib_a-memset.o)
 .ARM.attributes
                0x0000000000000317       0x1e c:/st/stm32cubeide_1.11.0/stm32cubeide/plugins/com.st.stm32cube.ide.mcu.externaltools.gnu-tools-for-stm32.10.3-2021.10.win32_1.0.100.202210260954/tools/bin/../lib/gcc/arm-none-eabi/10.3.1/thumb/v7e-m+fp/hard\libgcc.a(_aeabi_uldivmod.o)
 .ARM.attributes
                0x0000000000000335       0x34 c:/st/stm32cubeide_1.11.0/stm32cubeide/plugins/com.st.stm32cube.ide.mcu.externaltools.gnu-tools-for-stm32.10.3-2021.10.win32_1.0.100.202210260954/tools/bin/../lib/gcc/arm-none-eabi/10.3.1/thumb/v7e-m+fp/hard\libgcc.a(_udivmoddi4.o)
 .ARM.attributes
                0x0000000000000369       0x1e c:/st/stm32cubeide_1.11.0/stm32cubeide/plugins/com.st.stm32cube.ide.mcu.externaltools.gnu-tools-for-stm32.10.3-2021.10.win32_1.0.100.202210260954/tools/bin/../lib/gcc/arm-none-eabi/10.3.1/thumb/v7e-m+fp/hard\libgcc.a(_dvmd_tls.o)
 .ARM.attributes
                0x0000000000000387       0x1e c:/st/stm32cubeide_1.11.0/stm32cubeide/plugins/com.st.stm32cube.ide.mcu.externaltools.gnu-tools-for-stm32.10.3-2021.10.win32_1.0.100.202210260954/tools/bin/../lib/gcc/arm-none-eabi/10.3.1/thumb/v7e-m+fp/hard/crtn.o
OUTPUT(Bootloader_F429.elf elf32-littlearm)
LOAD linker stubs
LOAD c:/st/stm32cubeide_1.11.0/stm32cubeide/plugins/com.st.stm32cube.ide.mcu.externaltools.gnu-tools-for-stm32.10.3-2021.10.win32_1.0.100.202210260954/tools/bin/../lib/gcc/arm-none-eabi/10.3.1/../../../../arm-none-eabi/lib/thumb/v7e-m+fp/hard\libc.a
LOAD c:/st/stm32cubeide_1.11.0/stm32cubeide/plugins/com.st.stm32cube.ide.mcu.externaltools.gnu-tools-for-stm32.10.3-2021.10.win32_1.0.100.202210260954/tools/bin/../lib/gcc/arm-none-eabi/10.3.1/../../../../arm-none-eabi/lib/thumb/v7e-m+fp/hard\libm.a
LOAD c:/st/stm32cubeide_1.11.0/stm32cubeide/plugins/com.st.stm32cube.ide.mcu.externaltools.gnu-tools-for-stm32.10.3-2021.10.win32_1.0.100.202210260954/tools/bin/../lib/gcc/arm-none-eabi/10.3.1/thumb/v7e-m+fp/hard\libgcc.a

.debug_info     0x0000000000000000     0x498a
 .debug_info    0x0000000000000000      0xaad ./Src/BOOTLOADER_program.o
 .debug_info    0x0000000000000aad      0x197 ./Src/CRC_program.o
 .debug_info    0x0000000000000c44      0x4a5 ./Src/EXTI_program.o
 .debug_info    0x00000000000010e9      0x544 ./Src/FLASH_program.o
 .debug_info    0x000000000000162d      0x5fe ./Src/GPIO_program.o
 .debug_info    0x0000000000001c2b      0x902 ./Src/GPTIMER_program.o
 .debug_info    0x000000000000252d      0x467 ./Src/PRELOADER_program.o
 .debug_info    0x0000000000002994      0xac9 ./Src/RCC_program.o
 .debug_info    0x000000000000345d      0x314 ./Src/STK_program.o
 .debug_info    0x0000000000003771      0x8b8 ./Src/USART_program.o
 .debug_info    0x0000000000004029      0x93f ./Src/main.o
 .debug_info    0x0000000000004968       0x22 ./Startup/startup_stm32f429zitx.o

.debug_abbrev   0x0000000000000000      0xf1f
 .debug_abbrev  0x0000000000000000      0x225 ./Src/BOOTLOADER_program.o
 .debug_abbrev  0x0000000000000225       0xef ./Src/CRC_program.o
 .debug_abbrev  0x0000000000000314      0x126 ./Src/EXTI_program.o
 .debug_abbrev  0x000000000000043a      0x1a1 ./Src/FLASH_program.o
 .debug_abbrev  0x00000000000005db      0x104 ./Src/GPIO_program.o
 .debug_abbrev  0x00000000000006df      0x19c ./Src/GPTIMER_program.o
 .debug_abbrev  0x000000000000087b      0x113 ./Src/PRELOADER_program.o
 .debug_abbrev  0x000000000000098e      0x16e ./Src/RCC_program.o
 .debug_abbrev  0x0000000000000afc      0x14e ./Src/STK_program.o
 .debug_abbrev  0x0000000000000c4a      0x1bd ./Src/USART_program.o
 .debug_abbrev  0x0000000000000e07      0x106 ./Src/main.o
 .debug_abbrev  0x0000000000000f0d       0x12 ./Startup/startup_stm32f429zitx.o

.debug_aranges  0x0000000000000000      0x4e0
 .debug_aranges
                0x0000000000000000       0xa8 ./Src/BOOTLOADER_program.o
 .debug_aranges
                0x00000000000000a8       0x28 ./Src/CRC_program.o
 .debug_aranges
                0x00000000000000d0       0x88 ./Src/EXTI_program.o
 .debug_aranges
                0x0000000000000158       0xa0 ./Src/FLASH_program.o
 .debug_aranges
                0x00000000000001f8       0x40 ./Src/GPIO_program.o
 .debug_aranges
                0x0000000000000238       0xa8 ./Src/GPTIMER_program.o
 .debug_aranges
                0x00000000000002e0       0x40 ./Src/PRELOADER_program.o
 .debug_aranges
                0x0000000000000320       0x90 ./Src/RCC_program.o
 .debug_aranges
                0x00000000000003b0       0x60 ./Src/STK_program.o
 .debug_aranges
                0x0000000000000410       0x88 ./Src/USART_program.o
 .debug_aranges
                0x0000000000000498       0x20 ./Src/main.o
 .debug_aranges
                0x00000000000004b8       0x28 ./Startup/startup_stm32f429zitx.o

.debug_ranges   0x0000000000000000      0x428
 .debug_ranges  0x0000000000000000       0x98 ./Src/BOOTLOADER_program.o
 .debug_ranges  0x0000000000000098       0x18 ./Src/CRC_program.o
 .debug_ranges  0x00000000000000b0       0x78 ./Src/EXTI_program.o
 .debug_ranges  0x0000000000000128       0x90 ./Src/FLASH_program.o
 .debug_ranges  0x00000000000001b8       0x30 ./Src/GPIO_program.o
 .debug_ranges  0x00000000000001e8       0x98 ./Src/GPTIMER_program.o
 .debug_ranges  0x0000000000000280       0x30 ./Src/PRELOADER_program.o
 .debug_ranges  0x00000000000002b0       0x80 ./Src/RCC_program.o
 .debug_ranges  0x0000000000000330       0x50 ./Src/STK_program.o
 .debug_ranges  0x0000000000000380       0x78 ./Src/USART_program.o
 .debug_ranges  0x00000000000003f8       0x10 ./Src/main.o
 .debug_ranges  0x0000000000000408       0x20 ./Startup/startup_stm32f429zitx.o

.debug_macro    0x0000000000000000     0x2eb8
 .debug_macro   0x0000000000000000       0xc0 ./Src/BOOTLOADER_program.o
 .debug_macro   0x00000000000000c0      0xa84 ./Src/BOOTLOADER_program.o
 .debug_macro   0x0000000000000b44       0x22 ./Src/BOOTLOADER_program.o
 .debug_macro   0x0000000000000b66       0x8e ./Src/BOOTLOADER_program.o
 .debug_macro   0x0000000000000bf4       0x51 ./Src/BOOTLOADER_program.o
 .debug_macro   0x0000000000000c45      0x103 ./Src/BOOTLOADER_program.o
 .debug_macro   0x0000000000000d48       0x6a ./Src/BOOTLOADER_program.o
 .debug_macro   0x0000000000000db2      0x1df ./Src/BOOTLOADER_program.o
 .debug_macro   0x0000000000000f91       0x22 ./Src/BOOTLOADER_program.o
 .debug_macro   0x0000000000000fb3       0x46 ./Src/BOOTLOADER_program.o
 .debug_macro   0x0000000000000ff9      0x1dd ./Src/BOOTLOADER_program.o
 .debug_macro   0x00000000000011d6       0xe2 ./Src/BOOTLOADER_program.o
 .debug_macro   0x00000000000012b8       0x5e ./Src/BOOTLOADER_program.o
 .debug_macro   0x0000000000001316       0x10 ./Src/BOOTLOADER_program.o
 .debug_macro   0x0000000000001326       0x58 ./Src/BOOTLOADER_program.o
 .debug_macro   0x000000000000137e       0x9b ./Src/CRC_program.o
 .debug_macro   0x0000000000001419       0x16 ./Src/CRC_program.o
 .debug_macro   0x000000000000142f       0x9b ./Src/EXTI_program.o
 .debug_macro   0x00000000000014ca       0x6a ./Src/EXTI_program.o
 .debug_macro   0x0000000000001534       0x9a ./Src/FLASH_program.o
 .debug_macro   0x00000000000015ce       0xbe ./Src/FLASH_program.o
 .debug_macro   0x000000000000168c       0x91 ./Src/GPIO_program.o
 .debug_macro   0x000000000000171d       0x58 ./Src/GPIO_program.o
 .debug_macro   0x0000000000001775       0x10 ./Src/GPIO_program.o
 .debug_macro   0x0000000000001785       0x9a ./Src/GPTIMER_program.o
 .debug_macro   0x000000000000181f       0x10 ./Src/GPTIMER_program.o
 .debug_macro   0x000000000000182f       0x82 ./Src/GPTIMER_program.o
 .debug_macro   0x00000000000018b1      0x255 ./Src/PRELOADER_program.o
 .debug_macro   0x0000000000001b06       0x52 ./Src/PRELOADER_program.o
 .debug_macro   0x0000000000001b58       0x1e ./Src/PRELOADER_program.o
 .debug_macro   0x0000000000001b76       0x3c ./Src/PRELOADER_program.o
 .debug_macro   0x0000000000001bb2       0x34 ./Src/PRELOADER_program.o
 .debug_macro   0x0000000000001be6       0x16 ./Src/PRELOADER_program.o
 .debug_macro   0x0000000000001bfc       0x97 ./Src/PRELOADER_program.o
 .debug_macro   0x0000000000001c93      0x341 ./Src/PRELOADER_program.o
 .debug_macro   0x0000000000001fd4       0xfd ./Src/PRELOADER_program.o
 .debug_macro   0x00000000000020d1       0x10 ./Src/PRELOADER_program.o
 .debug_macro   0x00000000000020e1       0x16 ./Src/PRELOADER_program.o
 .debug_macro   0x00000000000020f7       0x43 ./Src/PRELOADER_program.o
 .debug_macro   0x000000000000213a       0x34 ./Src/PRELOADER_program.o
 .debug_macro   0x000000000000216e       0x10 ./Src/PRELOADER_program.o
 .debug_macro   0x000000000000217e       0x58 ./Src/PRELOADER_program.o
 .debug_macro   0x00000000000021d6       0x71 ./Src/PRELOADER_program.o
 .debug_macro   0x0000000000002247       0x1c ./Src/PRELOADER_program.o
 .debug_macro   0x0000000000002263      0x12a ./Src/PRELOADER_program.o
 .debug_macro   0x000000000000238d       0x10 ./Src/PRELOADER_program.o
 .debug_macro   0x000000000000239d       0x1c ./Src/PRELOADER_program.o
 .debug_macro   0x00000000000023b9       0x52 ./Src/PRELOADER_program.o
 .debug_macro   0x000000000000240b       0x22 ./Src/PRELOADER_program.o
 .debug_macro   0x000000000000242d       0x10 ./Src/PRELOADER_program.o
 .debug_macro   0x000000000000243d       0x52 ./Src/PRELOADER_program.o
 .debug_macro   0x000000000000248f       0xd5 ./Src/PRELOADER_program.o
 .debug_macro   0x0000000000002564       0x1c ./Src/PRELOADER_program.o
 .debug_macro   0x0000000000002580       0x3d ./Src/PRELOADER_program.o
 .debug_macro   0x00000000000025bd       0x16 ./Src/PRELOADER_program.o
 .debug_macro   0x00000000000025d3      0x145 ./Src/PRELOADER_program.o
 .debug_macro   0x0000000000002718       0x16 ./Src/PRELOADER_program.o
 .debug_macro   0x000000000000272e       0x35 ./Src/PRELOADER_program.o
 .debug_macro   0x0000000000002763       0x20 ./Src/PRELOADER_program.o
 .debug_macro   0x0000000000002783       0x2e ./Src/PRELOADER_program.o
 .debug_macro   0x00000000000027b1       0x91 ./Src/RCC_program.o
 .debug_macro   0x0000000000002842      0x124 ./Src/RCC_program.o
 .debug_macro   0x0000000000002966       0x10 ./Src/RCC_program.o
 .debug_macro   0x0000000000002976       0x9b ./Src/STK_program.o
 .debug_macro   0x0000000000002a11       0x58 ./Src/STK_program.o
 .debug_macro   0x0000000000002a69       0x9a ./Src/USART_program.o
 .debug_macro   0x0000000000002b03      0x12a ./Src/USART_program.o
 .debug_macro   0x0000000000002c2d       0x1c ./Src/USART_program.o
 .debug_macro   0x0000000000002c49      0x26f ./Src/main.o

.debug_line     0x0000000000000000     0x51c2
 .debug_line    0x0000000000000000      0x8b3 ./Src/BOOTLOADER_program.o
 .debug_line    0x00000000000008b3      0x444 ./Src/CRC_program.o
 .debug_line    0x0000000000000cf7      0x82e ./Src/EXTI_program.o
 .debug_line    0x0000000000001525      0x7c4 ./Src/FLASH_program.o
 .debug_line    0x0000000000001ce9      0x6b3 ./Src/GPIO_program.o
 .debug_line    0x000000000000239c      0x817 ./Src/GPTIMER_program.o
 .debug_line    0x0000000000002bb3      0x78c ./Src/PRELOADER_program.o
 .debug_line    0x000000000000333f      0x8b0 ./Src/RCC_program.o
 .debug_line    0x0000000000003bef      0x57d ./Src/STK_program.o
 .debug_line    0x000000000000416c      0x901 ./Src/USART_program.o
 .debug_line    0x0000000000004a6d      0x6d1 ./Src/main.o
 .debug_line    0x000000000000513e       0x84 ./Startup/startup_stm32f429zitx.o

.debug_str      0x0000000000000000     0xc784
 .debug_str     0x0000000000000000     0x546c ./Src/BOOTLOADER_program.o
                                       0x5611 (size before relaxing)
 .debug_str     0x000000000000546c       0xb6 ./Src/CRC_program.o
                                       0x4a0d (size before relaxing)
 .debug_str     0x0000000000005522      0x50e ./Src/EXTI_program.o
                                       0x4e15 (size before relaxing)
 .debug_str     0x0000000000005a30      0x55a ./Src/FLASH_program.o
                                       0x534a (size before relaxing)
 .debug_str     0x0000000000005f8a      0x413 ./Src/GPIO_program.o
                                       0x4bbc (size before relaxing)
 .debug_str     0x000000000000639d      0x79c ./Src/GPTIMER_program.o
                                       0x50db (size before relaxing)
 .debug_str     0x0000000000006b39     0x42e1 ./Src/PRELOADER_program.o
                                       0x9401 (size before relaxing)
 .debug_str     0x000000000000ae1a      0xc7b ./Src/RCC_program.o
                                       0x540a (size before relaxing)
 .debug_str     0x000000000000ba95      0x2af ./Src/STK_program.o
                                       0x4bdb (size before relaxing)
 .debug_str     0x000000000000bd44      0x969 ./Src/USART_program.o
                                       0x5351 (size before relaxing)
 .debug_str     0x000000000000c6ad       0xa6 ./Src/main.o
                                       0x86d4 (size before relaxing)
 .debug_str     0x000000000000c753       0x31 ./Startup/startup_stm32f429zitx.o
                                         0x8b (size before relaxing)

.comment        0x0000000000000000       0x50
 .comment       0x0000000000000000       0x50 ./Src/BOOTLOADER_program.o
                                         0x51 (size before relaxing)
 .comment       0x0000000000000050       0x51 ./Src/CRC_program.o
 .comment       0x0000000000000050       0x51 ./Src/EXTI_program.o
 .comment       0x0000000000000050       0x51 ./Src/FLASH_program.o
 .comment       0x0000000000000050       0x51 ./Src/GPIO_program.o
 .comment       0x0000000000000050       0x51 ./Src/GPTIMER_program.o
 .comment       0x0000000000000050       0x51 ./Src/PRELOADER_program.o
 .comment       0x0000000000000050       0x51 ./Src/RCC_program.o
 .comment       0x0000000000000050       0x51 ./Src/STK_program.o
 .comment       0x0000000000000050       0x51 ./Src/USART_program.o
 .comment       0x0000000000000050       0x51 ./Src/main.o

.debug_frame    0x0000000000000000     0x126c
 .debug_frame   0x0000000000000000      0x2a0 ./Src/BOOTLOADER_program.o
 .debug_frame   0x00000000000002a0       0x58 ./Src/CRC_program.o
 .debug_frame   0x00000000000002f8      0x1ec ./Src/EXTI_program.o
 .debug_frame   0x00000000000004e4      0x290 ./Src/FLASH_program.o
 .debug_frame   0x0000000000000774       0xd8 ./Src/GPIO_program.o
 .debug_frame   0x000000000000084c      0x2b4 ./Src/GPTIMER_program.o
 .debug_frame   0x0000000000000b00       0xc0 ./Src/PRELOADER_program.o
 .debug_frame   0x0000000000000bc0      0x264 ./Src/RCC_program.o
 .debug_frame   0x0000000000000e24      0x154 ./Src/STK_program.o
 .debug_frame   0x0000000000000f78      0x218 ./Src/USART_program.o
 .debug_frame   0x0000000000001190       0x30 ./Src/main.o
 .debug_frame   0x00000000000011c0       0x2c c:/st/stm32cubeide_1.11.0/stm32cubeide/plugins/com.st.stm32cube.ide.mcu.externaltools.gnu-tools-for-stm32.10.3-2021.10.win32_1.0.100.202210260954/tools/bin/../lib/gcc/arm-none-eabi/10.3.1/../../../../arm-none-eabi/lib/thumb/v7e-m+fp/hard\libc_nano.a(lib_a-init.o)
 .debug_frame   0x00000000000011ec       0x20 c:/st/stm32cubeide_1.11.0/stm32cubeide/plugins/com.st.stm32cube.ide.mcu.externaltools.gnu-tools-for-stm32.10.3-2021.10.win32_1.0.100.202210260954/tools/bin/../lib/gcc/arm-none-eabi/10.3.1/../../../../arm-none-eabi/lib/thumb/v7e-m+fp/hard\libc_nano.a(lib_a-memset.o)
 .debug_frame   0x000000000000120c       0x2c c:/st/stm32cubeide_1.11.0/stm32cubeide/plugins/com.st.stm32cube.ide.mcu.externaltools.gnu-tools-for-stm32.10.3-2021.10.win32_1.0.100.202210260954/tools/bin/../lib/gcc/arm-none-eabi/10.3.1/thumb/v7e-m+fp/hard\libgcc.a(_aeabi_uldivmod.o)
 .debug_frame   0x0000000000001238       0x34 c:/st/stm32cubeide_1.11.0/stm32cubeide/plugins/com.st.stm32cube.ide.mcu.externaltools.gnu-tools-for-stm32.10.3-2021.10.win32_1.0.100.202210260954/tools/bin/../lib/gcc/arm-none-eabi/10.3.1/thumb/v7e-m+fp/hard\libgcc.a(_udivmoddi4.o)
