../Src/BOOTLOADER_program.c:60:6:BOOTLOADER_voidHandleGetVerCmd	32	static
../Src/BOOTLOADER_program.c:92:6:BOOTLOADER_voidHandleGetHelpCmd	40	static
../Src/BOOTLOADER_program.c:137:6:BOOTLOADER_voidHandleGetCIDCmd	32	static
../Src/BOOTLOADER_program.c:169:6:BOOTLOADER_voidHandleGetRDPStatusCmd	32	static
../Src/BOOTLOADER_program.c:201:6:BOOTLOADER_voidHandleGotoAddressCmd	40	static
../Src/BOOTLOADER_program.c:242:6:BOOTLOADER_voidHandleFlashEraseCmd	32	static
../Src/BOOTLOADER_program.c:274:6:BOOTLOADER_voidHandleMemWriteCmd	40	static
../Src/BOOTLOADER_program.c:316:6:BOOTLOADER_voidHandleEnableRWProtectCmd	32	static
../Src/BOOTLOADER_program.c:353:6:BOOTLOADER_voidHandleDisableRWProtectCmd	32	static
../Src/BOOTLOADER_program.c:387:6:BOOTLOADER_voidHandleReadSectorStatusCmd	32	static
../Src/BOOTLOADER_program.c:412:6:BL_voidHandleMemReadCmd	32	static
../Src/BOOTLOADER_program.c:433:6:BL_voidHandleOTPReadCmd	32	static
../Src/BOOTLOADER_program.c:457:13:voidSendNAck	16	static
../Src/BOOTLOADER_program.c:464:13:voidSendAck	24	static
../Src/BOOTLOADER_program.c:470:16:u8VerifyCRC	40	static
../Src/BOOTLOADER_program.c:490:16:u8ValidateAddress	24	static
../Src/BOOTLOADER_program.c:507:16:u8ExecuteMemoryWrite	40	static
../Src/BOOTLOADER_program.c:531:16:u8ExecuteFlashErase	48	static
